[0.009s] Invoking command in '/home/mhenkel/Documents/hi_decklink_ros2/build/hi_decklink_ros2': DEBUGINFOD_URLS=https://debuginfod.ubuntu.com /usr/bin/cmake /home/mhenkel/Documents/hi_decklink_ros2 -DCMAKE_INSTALL_PREFIX=/home/mhenkel/Documents/hi_decklink_ros2/install/hi_decklink_ros2
[0.030s] -- Could NOT find Doxygen (missing: DOXYGEN_EXECUTABLE) 
[0.030s] [0mDoxygen need to be installed to generate the doxygen documentation[0m
[0.033s] -- Found ament_cmake: 2.5.4 (/opt/ros/jazzy/share/ament_cmake/cmake)
[0.228s] -- Found rclcpp: 28.1.10 (/opt/ros/jazzy/share/rclcpp/cmake)
[0.253s] -- Found rosidl_generator_c: 4.6.5 (/opt/ros/jazzy/share/rosidl_generator_c/cmake)
[0.262s] -- Found rosidl_generator_cpp: 4.6.5 (/opt/ros/jazzy/share/rosidl_generator_cpp/cmake)
[0.273s] -- Using all available rosidl_typesupport_c: rosidl_typesupport_fastrtps_c;rosidl_typesupport_introspection_c
[0.285s] -- Using all available rosidl_typesupport_cpp: rosidl_typesupport_fastrtps_cpp;rosidl_typesupport_introspection_cpp
[0.347s] -- Found rmw_implementation_cmake: 7.3.2 (/opt/ros/jazzy/share/rmw_implementation_cmake/cmake)
[0.348s] -- Found rmw_fastrtps_cpp: 8.4.2 (/opt/ros/jazzy/share/rmw_fastrtps_cpp/cmake)
[0.409s] -- Using RMW implementation 'rmw_fastrtps_cpp' as default
[0.474s] -- Found image_transport: 5.1.7 (/opt/ros/jazzy/share/image_transport/cmake)
[0.537s] -- Found camera_info_manager: 5.1.7 (/opt/ros/jazzy/share/camera_info_manager/cmake)
[0.540s] -- Setting yaml-cpp_DIR to: '/opt/ros/jazzy/share/yaml_cpp_vendor/cmake/../../../opt/yaml_cpp_vendor/share/cmake/yaml-cpp'
[0.573s] -- Found cv_bridge: 4.1.0 (/opt/ros/jazzy/share/cv_bridge/cmake)
[0.650s] Error parsing '/home/mhenkel/Documents/hi_decklink_ros2/package.xml':
[2.156s] Traceback (most recent call last):
[2.156s]   File "/usr/lib/python3/dist-packages/catkin_pkg/package.py", line 610, in parse_package_string
[2.157s]     root = dom.parseString(data)
[2.157s]            ^^^^^^^^^^^^^^^^^^^^^
[2.157s]   File "/usr/lib/python3.12/xml/dom/minidom.py", line 2000, in parseString
[2.157s]     return expatbuilder.parseString(string)
[2.157s]            ^^^^^^^^^^^^^^^^^^^^^^^^^^^^^^^^
[2.157s]   File "/usr/lib/python3.12/xml/dom/expatbuilder.py", line 922, in parseString
[2.157s]     return builder.parseString(string)
[2.158s]            ^^^^^^^^^^^^^^^^^^^^^^^^^^^
[2.158s]   File "/usr/lib/python3.12/xml/dom/expatbuilder.py", line 220, in parseString
[2.158s]     parser.Parse(string, True)
[2.158s] xml.parsers.expat.ExpatError: XML or text declaration not at start of entity: line 5, column 0
[2.158s] 
[2.158s] During handling of the above exception, another exception occurred:
[2.158s] 
[2.158s] Traceback (most recent call last):
[2.159s]   File "/opt/ros/jazzy/share/ament_cmake_core/cmake/core/package_xml_2_cmake.py", line 150, in <module>
[2.159s]     main()
[2.159s]   File "/opt/ros/jazzy/share/ament_cmake_core/cmake/core/package_xml_2_cmake.py", line 53, in main
[2.159s]     raise e
[2.159s]   File "/opt/ros/jazzy/share/ament_cmake_core/cmake/core/package_xml_2_cmake.py", line 49, in main
[2.159s]     package = parse_package_string(
[2.159s]               ^^^^^^^^^^^^^^^^^^^^^
[2.159s]   File "/usr/lib/python3/dist-packages/catkin_pkg/package.py", line 612, in parse_package_string
[2.159s]     raise InvalidPackage('The manifest contains invalid XML:\n%s' % ex, filename)
[2.160s] catkin_pkg.package.InvalidPackage: Error(s) in package '/home/mhenkel/Documents/hi_decklink_ros2/package.xml':
[2.160s] The manifest contains invalid XML:
[2.160s] XML or text declaration not at start of entity: line 5, column 0
[2.201s] [31mCMake Error at /opt/ros/jazzy/share/ament_cmake_core/cmake/core/ament_package_xml.cmake:95 (message):
[2.201s]   execute_process(/usr/bin/python3
[2.201s]   /opt/ros/jazzy/share/ament_cmake_core/cmake/core/package_xml_2_cmake.py
[2.201s]   /home/mhenkel/Documents/hi_decklink_ros2/package.xml
[2.201s]   /home/mhenkel/Documents/hi_decklink_ros2/build/hi_decklink_ros2/ament_cmake_core/package.cmake)
[2.201s]   returned error code 1
[2.201s] Call Stack (most recent call first):
[2.202s]   /opt/ros/jazzy/share/ament_cmake_core/cmake/core/ament_package_xml.cmake:49 (_ament_package_xml)
[2.202s]   /opt/ros/jazzy/share/ament_cmake_core/cmake/core/ament_package.cmake:63 (ament_package_xml)
[2.202s]   CMakeLists.txt:96 (ament_package)
[2.202s] 
[2.202s] [0m
[2.202s] -- Configuring incomplete, errors occurred!
[2.211s] Invoked command in '/home/mhenkel/Documents/hi_decklink_ros2/build/hi_decklink_ros2' returned '1': DEBUGINFOD_URLS=https://debuginfod.ubuntu.com /usr/bin/cmake /home/mhenkel/Documents/hi_decklink_ros2 -DCMAKE_INSTALL_PREFIX=/home/mhenkel/Documents/hi_decklink_ros2/install/hi_decklink_ros2
