[0.000000] (-) TimerEvent: {}
[0.000284] (hi_decklink_ros2) JobQueued: {'identifier': 'hi_decklink_ros2', 'dependencies': OrderedDict()}
[0.000497] (hi_decklink_ros2) JobStarted: {'identifier': 'hi_decklink_ros2'}
[0.007214] (hi_decklink_ros2) JobProgress: {'identifier': 'hi_decklink_ros2', 'progress': 'cmake'}
[0.008141] (hi_decklink_ros2) Command: {'cmd': ['/usr/bin/cmake', '/home/mhenkel/Documents/hi_decklink_ros2', '-DCMAKE_INSTALL_PREFIX=/home/mhenkel/Documents/hi_decklink_ros2/install/hi_decklink_ros2'], 'cwd': '/home/mhenkel/Documents/hi_decklink_ros2/build/hi_decklink_ros2', 'env': OrderedDict({'LESSOPEN': '| /usr/bin/lesspipe %s', 'USER': 'mhenkel', 'GZ_CONFIG_PATH': '/opt/ros/jazzy/opt/sdformat_vendor/share/gz', 'XDG_SESSION_TYPE': 'wayland', 'SHLVL': '1', 'LD_LIBRARY_PATH': '/opt/ros/jazzy/opt/sdformat_vendor/lib:/opt/ros/jazzy/opt/rviz_ogre_vendor/lib:/opt/ros/jazzy/lib/x86_64-linux-gnu:/opt/ros/jazzy/opt/gz_math_vendor/lib:/opt/ros/jazzy/opt/gz_utils_vendor/lib:/opt/ros/jazzy/opt/gz_tools_vendor/lib:/opt/ros/jazzy/opt/gz_cmake_vendor/lib:/opt/ros/jazzy/lib', 'HOME': '/home/mhenkel', 'OLDPWD': '/home/mhenkel', 'DESKTOP_SESSION': 'ubuntu', 'ROS_PYTHON_VERSION': '3', 'GNOME_SHELL_SESSION_MODE': 'ubuntu', 'GTK_MODULES': 'gail:atk-bridge', 'PS0': '$(printf "%s" ${EPOCHREALTIME/./} >"$BYOBU_RUN_DIR/timer.$$")', 'MANAGERPID': '3312', 'SYSTEMD_EXEC_PID': '3785', 'GSM_SKIP_SSH_AGENT_WORKAROUND': 'true', 'DBUS_SESSION_BUS_ADDRESS': 'unix:path=/run/user/1006/bus', 'COLORTERM': 'truecolor', 'TERMINATOR_DBUS_NAME': 'net.tenshu.Terminator25ef4b219e3b005583550f2b0f9f990c3', 'GIO_LAUNCHED_DESKTOP_FILE_PID': '44102', 'GNOME_KEYRING_CONTROL': '/run/user/1006/keyring', 'DEBUGINFOD_URLS': 'https://debuginfod.ubuntu.com', 'IM_CONFIG_PHASE': '1', 'WAYLAND_DISPLAY': 'wayland-0', 'ROS_DISTRO': 'jazzy', 'LOGNAME': 'mhenkel', 'JOURNAL_STREAM': '9:21301', '_': '/usr/bin/colcon', 'ROS_VERSION': '2', 'MEMORY_PRESSURE_WATCH': '/sys/fs/cgroup/user.slice/user-1006.slice/user@1006.service/session.slice/org.gnome.SettingsDaemon.MediaKeys.service/memory.pressure', 'XDG_SESSION_CLASS': 'user', 'USERNAME': 'mhenkel', 'TERM': 'xterm-256color', 'GNOME_DESKTOP_SESSION_ID': 'this-is-deprecated', 'PATH': '/opt/ros/jazzy/opt/gz_tools_vendor/bin:/opt/ros/jazzy/bin:/usr/local/sbin:/usr/local/bin:/usr/sbin:/usr/bin:/sbin:/bin:/usr/games:/usr/local/games:/snap/bin:/snap/bin', 'SESSION_MANAGER': 'local/pckjk02:@/tmp/.ICE-unix/3554,unix/pckjk02:/tmp/.ICE-unix/3554', 'INVOCATION_ID': '4d4ef63905ad4f64869ff44a2ea35c44', 'XDG_MENU_PREFIX': 'gnome-', 'GNOME_SETUP_DISPLAY': ':1', 'XDG_RUNTIME_DIR': '/run/user/1006', 'DISPLAY': ':0', 'TERMINATOR_DBUS_PATH': '/net/tenshu/Terminator2', 'LANG': 'en_US.UTF-8', 'XDG_CURRENT_DESKTOP': 'ubuntu:GNOME', 'XMODIFIERS': '@im=ibus', 'XDG_SESSION_DESKTOP': 'ubuntu', 'XAUTHORITY': '/run/user/1006/.mutter-Xwaylandauth.3LXNB3', 'LS_COLORS': 'rs=0:di=01;34:ln=01;36:mh=00:pi=40;33:so=01;35:do=01;35:bd=40;33;01:cd=40;33;01:or=40;31;01:mi=00:su=37;41:sg=30;43:ca=00:tw=30;42:ow=34;42:st=37;44:ex=01;32:*.tar=01;31:*.tgz=01;31:*.arc=01;31:*.arj=01;31:*.taz=01;31:*.lha=01;31:*.lz4=01;31:*.lzh=01;31:*.lzma=01;31:*.tlz=01;31:*.txz=01;31:*.tzo=01;31:*.t7z=01;31:*.zip=01;31:*.z=01;31:*.dz=01;31:*.gz=01;31:*.lrz=01;31:*.lz=01;31:*.lzo=01;31:*.xz=01;31:*.zst=01;31:*.tzst=01;31:*.bz2=01;31:*.bz=01;31:*.tbz=01;31:*.tbz2=01;31:*.tz=01;31:*.deb=01;31:*.rpm=01;31:*.jar=01;31:*.war=01;31:*.ear=01;31:*.sar=01;31:*.rar=01;31:*.alz=01;31:*.ace=01;31:*.zoo=01;31:*.cpio=01;31:*.7z=01;31:*.rz=01;31:*.cab=01;31:*.wim=01;31:*.swm=01;31:*.dwm=01;31:*.esd=01;31:*.avif=01;35:*.jpg=01;35:*.jpeg=01;35:*.mjpg=01;35:*.mjpeg=01;35:*.gif=01;35:*.bmp=01;35:*.pbm=01;35:*.pgm=01;35:*.ppm=01;35:*.tga=01;35:*.xbm=01;35:*.xpm=01;35:*.tif=01;35:*.tiff=01;35:*.png=01;35:*.svg=01;35:*.svgz=01;35:*.mng=01;35:*.pcx=01;35:*.mov=01;35:*.mpg=01;35:*.mpeg=01;35:*.m2v=01;35:*.mkv=01;35:*.webm=01;35:*.webp=01;35:*.ogm=01;35:*.mp4=01;35:*.m4v=01;35:*.mp4v=01;35:*.vob=01;35:*.qt=01;35:*.nuv=01;35:*.wmv=01;35:*.asf=01;35:*.rm=01;35:*.rmvb=01;35:*.flc=01;35:*.avi=01;35:*.fli=01;35:*.flv=01;35:*.gl=01;35:*.dl=01;35:*.xcf=01;35:*.xwd=01;35:*.yuv=01;35:*.cgm=01;35:*.emf=01;35:*.ogv=01;35:*.ogx=01;35:*.aac=00;36:*.au=00;36:*.flac=00;36:*.m4a=00;36:*.mid=00;36:*.midi=00;36:*.mka=00;36:*.mp3=00;36:*.mpc=00;36:*.ogg=00;36:*.ra=00;36:*.wav=00;36:*.oga=00;36:*.opus=00;36:*.spx=00;36:*.xspf=00;36:*~=00;90:*#=00;90:*.bak=00;90:*.crdownload=00;90:*.dpkg-dist=00;90:*.dpkg-new=00;90:*.dpkg-old=00;90:*.dpkg-tmp=00;90:*.old=00;90:*.orig=00;90:*.part=00;90:*.rej=00;90:*.rpmnew=00;90:*.rpmorig=00;90:*.rpmsave=00;90:*.swp=00;90:*.tmp=00;90:*.ucf-dist=00;90:*.ucf-new=00;90:*.ucf-old=00;90:', 'SSH_AUTH_SOCK': '/run/user/1006/keyring/ssh', 'ROS_DOMAIN_ID': '0', 'AMENT_PREFIX_PATH': '/opt/ros/jazzy', 'SHELL': '/bin/bash', 'TERMINATOR_UUID': 'urn:uuid:3d9a1022-49ce-4637-ad4c-686da0c77082', 'QT_ACCESSIBILITY': '1', 'GDMSESSION': 'ubuntu', 'LESSCLOSE': '/usr/bin/lesspipe %s %s', 'BYOBU_CONFIG_DIR': '/home/mhenkel/.config/byobu', 'ROS_AUTOMATIC_DISCOVERY_RANGE': 'SUBNET', 'QT_IM_MODULE': 'ibus', 'BYOBU_RUN_DIR': '/dev/shm/byobu-mhenkel-4HjfKyoW', 'PWD': '/home/mhenkel/Documents/hi_decklink_ros2/build/hi_decklink_ros2', 'XDG_CONFIG_DIRS': '/etc/xdg/xdg-ubuntu:/etc/xdg', 'XDG_DATA_DIRS': '/usr/share/ubuntu:/usr/share/gnome:/usr/local/share/:/usr/share/:/var/lib/snapd/desktop', 'PYTHONPATH': '/opt/ros/jazzy/lib/python3.12/site-packages', 'COLCON': '1', 'MEMORY_PRESSURE_WRITE': 'c29tZSAyMDAwMDAgMjAwMDAwMAA=', 'VTE_VERSION': '7600', 'CMAKE_PREFIX_PATH': '/opt/ros/jazzy/opt/sdformat_vendor:/opt/ros/jazzy/opt/gz_math_vendor:/opt/ros/jazzy/opt/gz_utils_vendor:/opt/ros/jazzy/opt/gz_tools_vendor:/opt/ros/jazzy/opt/gz_cmake_vendor'}), 'shell': False}
[0.031069] (hi_decklink_ros2) StdoutLine: {'line': b'-- Could NOT find Doxygen (missing: DOXYGEN_EXECUTABLE) \n'}
[0.031330] (hi_decklink_ros2) StderrLine: {'line': b'\x1b[0mDoxygen need to be installed to generate the doxygen documentation\x1b[0m\n'}
[0.034185] (hi_decklink_ros2) StdoutLine: {'line': b'-- Found ament_cmake: 2.5.4 (/opt/ros/jazzy/share/ament_cmake/cmake)\n'}
[0.099841] (-) TimerEvent: {}
[0.200058] (-) TimerEvent: {}
[0.226482] (hi_decklink_ros2) StdoutLine: {'line': b'-- Found rclcpp: 28.1.10 (/opt/ros/jazzy/share/rclcpp/cmake)\n'}
[0.252290] (hi_decklink_ros2) StdoutLine: {'line': b'-- Found rosidl_generator_c: 4.6.5 (/opt/ros/jazzy/share/rosidl_generator_c/cmake)\n'}
[0.261065] (hi_decklink_ros2) StdoutLine: {'line': b'-- Found rosidl_generator_cpp: 4.6.5 (/opt/ros/jazzy/share/rosidl_generator_cpp/cmake)\n'}
[0.272114] (hi_decklink_ros2) StdoutLine: {'line': b'-- Using all available rosidl_typesupport_c: rosidl_typesupport_fastrtps_c;rosidl_typesupport_introspection_c\n'}
[0.284742] (hi_decklink_ros2) StdoutLine: {'line': b'-- Using all available rosidl_typesupport_cpp: rosidl_typesupport_fastrtps_cpp;rosidl_typesupport_introspection_cpp\n'}
[0.300150] (-) TimerEvent: {}
[0.346686] (hi_decklink_ros2) StdoutLine: {'line': b'-- Found rmw_implementation_cmake: 7.3.2 (/opt/ros/jazzy/share/rmw_implementation_cmake/cmake)\n'}
[0.347969] (hi_decklink_ros2) StdoutLine: {'line': b'-- Found rmw_fastrtps_cpp: 8.4.2 (/opt/ros/jazzy/share/rmw_fastrtps_cpp/cmake)\n'}
[0.400281] (-) TimerEvent: {}
[0.408010] (hi_decklink_ros2) StdoutLine: {'line': b"-- Using RMW implementation 'rmw_fastrtps_cpp' as default\n"}
[0.480074] (hi_decklink_ros2) StdoutLine: {'line': b'-- Found image_transport: 5.1.7 (/opt/ros/jazzy/share/image_transport/cmake)\n'}
[0.500379] (-) TimerEvent: {}
[0.544118] (hi_decklink_ros2) StdoutLine: {'line': b'-- Found camera_info_manager: 5.1.7 (/opt/ros/jazzy/share/camera_info_manager/cmake)\n'}
[0.561272] (hi_decklink_ros2) StdoutLine: {'line': b"-- Setting yaml-cpp_DIR to: '/opt/ros/jazzy/share/yaml_cpp_vendor/cmake/../../../opt/yaml_cpp_vendor/share/cmake/yaml-cpp'\n"}
[0.600595] (-) TimerEvent: {}
[0.681147] (hi_decklink_ros2) StdoutLine: {'line': b'-- Found cv_bridge: 4.1.0 (/opt/ros/jazzy/share/cv_bridge/cmake)\n'}
[0.700791] (-) TimerEvent: {}
[0.727684] (hi_decklink_ros2) StderrLine: {'line': b'\x1b[31mCMake Error at CMakeLists.txt:67 (install):\n'}
[0.727943] (hi_decklink_ros2) StderrLine: {'line': b'  install TARGETS given target "publisher" which does not exist.\n'}
[0.728069] (hi_decklink_ros2) StderrLine: {'line': b'\n'}
[0.728163] (hi_decklink_ros2) StderrLine: {'line': b'\x1b[0m\n'}
[0.800864] (-) TimerEvent: {}
[0.814863] (hi_decklink_ros2) StderrLine: {'line': b"Error parsing '/home/mhenkel/Documents/hi_decklink_ros2/package.xml':\n"}
[0.900950] (-) TimerEvent: {}
[1.001221] (-) TimerEvent: {}
[1.101509] (-) TimerEvent: {}
[1.201774] (-) TimerEvent: {}
[1.302033] (-) TimerEvent: {}
[1.402335] (-) TimerEvent: {}
[1.502608] (-) TimerEvent: {}
[1.602889] (-) TimerEvent: {}
[1.703173] (-) TimerEvent: {}
[1.803502] (-) TimerEvent: {}
[1.903829] (-) TimerEvent: {}
[2.004417] (-) TimerEvent: {}
[2.105036] (-) TimerEvent: {}
[2.205813] (-) TimerEvent: {}
[2.306213] (-) TimerEvent: {}
[2.406734] (-) TimerEvent: {}
[2.507349] (-) TimerEvent: {}
[2.607687] (-) TimerEvent: {}
[2.708072] (-) TimerEvent: {}
[2.808370] (-) TimerEvent: {}
[2.908714] (-) TimerEvent: {}
[3.009044] (-) TimerEvent: {}
[3.109385] (-) TimerEvent: {}
[3.209788] (-) TimerEvent: {}
[3.310115] (-) TimerEvent: {}
[3.410557] (-) TimerEvent: {}
[3.510782] (-) TimerEvent: {}
[3.611091] (-) TimerEvent: {}
[3.711596] (-) TimerEvent: {}
[3.812000] (-) TimerEvent: {}
[3.912488] (-) TimerEvent: {}
[4.012962] (-) TimerEvent: {}
[4.113234] (-) TimerEvent: {}
[4.213629] (-) TimerEvent: {}
[4.314103] (-) TimerEvent: {}
[4.414445] (-) TimerEvent: {}
[4.515135] (-) TimerEvent: {}
[4.615662] (-) TimerEvent: {}
[4.716256] (-) TimerEvent: {}
[4.816831] (-) TimerEvent: {}
[4.825118] (hi_decklink_ros2) StderrLine: {'line': b'Traceback (most recent call last):\n'}
[4.825837] (hi_decklink_ros2) StderrLine: {'line': b'  File "/usr/lib/python3/dist-packages/catkin_pkg/package.py", line 610, in parse_package_string\n'}
[4.826698] (hi_decklink_ros2) StderrLine: {'line': b'    root = dom.parseString(data)\n'}
[4.827358] (hi_decklink_ros2) StderrLine: {'line': b'           ^^^^^^^^^^^^^^^^^^^^^\n'}
[4.827887] (hi_decklink_ros2) StderrLine: {'line': b'  File "/usr/lib/python3.12/xml/dom/minidom.py", line 2000, in parseString\n'}
[4.828645] (hi_decklink_ros2) StderrLine: {'line': b'    return expatbuilder.parseString(string)\n'}
[4.829277] (hi_decklink_ros2) StderrLine: {'line': b'           ^^^^^^^^^^^^^^^^^^^^^^^^^^^^^^^^\n'}
[4.829625] (hi_decklink_ros2) StderrLine: {'line': b'  File "/usr/lib/python3.12/xml/dom/expatbuilder.py", line 922, in parseString\n'}
[4.830264] (hi_decklink_ros2) StderrLine: {'line': b'    return builder.parseString(string)\n'}
[4.830992] (hi_decklink_ros2) StderrLine: {'line': b'           ^^^^^^^^^^^^^^^^^^^^^^^^^^^\n'}
[4.831779] (hi_decklink_ros2) StderrLine: {'line': b'  File "/usr/lib/python3.12/xml/dom/expatbuilder.py", line 220, in parseString\n'}
[4.832402] (hi_decklink_ros2) StderrLine: {'line': b'    parser.Parse(string, True)\n'}
[4.833356] (hi_decklink_ros2) StderrLine: {'line': b'xml.parsers.expat.ExpatError: XML or text declaration not at start of entity: line 5, column 0\n'}
[4.833925] (hi_decklink_ros2) StderrLine: {'line': b'\n'}
[4.834598] (hi_decklink_ros2) StderrLine: {'line': b'During handling of the above exception, another exception occurred:\n'}
[4.835112] (hi_decklink_ros2) StderrLine: {'line': b'\n'}
[4.835907] (hi_decklink_ros2) StderrLine: {'line': b'Traceback (most recent call last):\n'}
[4.836413] (hi_decklink_ros2) StderrLine: {'line': b'  File "/opt/ros/jazzy/share/ament_cmake_core/cmake/core/package_xml_2_cmake.py", line 150, in <module>\n'}
[4.836928] (hi_decklink_ros2) StderrLine: {'line': b'    main()\n'}
[4.837640] (hi_decklink_ros2) StderrLine: {'line': b'  File "/opt/ros/jazzy/share/ament_cmake_core/cmake/core/package_xml_2_cmake.py", line 53, in main\n'}
[4.838275] (hi_decklink_ros2) StderrLine: {'line': b'    raise e\n'}
[4.838778] (hi_decklink_ros2) StderrLine: {'line': b'  File "/opt/ros/jazzy/share/ament_cmake_core/cmake/core/package_xml_2_cmake.py", line 49, in main\n'}
[4.839085] (hi_decklink_ros2) StderrLine: {'line': b'    package = parse_package_string(\n'}
[4.839430] (hi_decklink_ros2) StderrLine: {'line': b'              ^^^^^^^^^^^^^^^^^^^^^\n'}
[4.839761] (hi_decklink_ros2) StderrLine: {'line': b'  File "/usr/lib/python3/dist-packages/catkin_pkg/package.py", line 612, in parse_package_string\n'}
[4.840045] (hi_decklink_ros2) StderrLine: {'line': b"    raise InvalidPackage('The manifest contains invalid XML:\\n%s' % ex, filename)\n"}
[4.840366] (hi_decklink_ros2) StderrLine: {'line': b"catkin_pkg.package.InvalidPackage: Error(s) in package '/home/mhenkel/Documents/hi_decklink_ros2/package.xml':\n"}
[4.840666] (hi_decklink_ros2) StderrLine: {'line': b'The manifest contains invalid XML:\n'}
[4.840951] (hi_decklink_ros2) StderrLine: {'line': b'XML or text declaration not at start of entity: line 5, column 0\n'}
[4.891204] (hi_decklink_ros2) StderrLine: {'line': b'\x1b[31mCMake Error at /opt/ros/jazzy/share/ament_cmake_core/cmake/core/ament_package_xml.cmake:95 (message):\n'}
[4.892779] (hi_decklink_ros2) StderrLine: {'line': b'  execute_process(/usr/bin/python3\n'}
[4.892901] (hi_decklink_ros2) StderrLine: {'line': b'  /opt/ros/jazzy/share/ament_cmake_core/cmake/core/package_xml_2_cmake.py\n'}
[4.893058] (hi_decklink_ros2) StderrLine: {'line': b'  /home/mhenkel/Documents/hi_decklink_ros2/package.xml\n'}
[4.893199] (hi_decklink_ros2) StderrLine: {'line': b'  /home/mhenkel/Documents/hi_decklink_ros2/build/hi_decklink_ros2/ament_cmake_core/package.cmake)\n'}
[4.893354] (hi_decklink_ros2) StderrLine: {'line': b'  returned error code 1\n'}
[4.893480] (hi_decklink_ros2) StderrLine: {'line': b'Call Stack (most recent call first):\n'}
[4.893611] (hi_decklink_ros2) StderrLine: {'line': b'  /opt/ros/jazzy/share/ament_cmake_core/cmake/core/ament_package_xml.cmake:49 (_ament_package_xml)\n'}
[4.893729] (hi_decklink_ros2) StderrLine: {'line': b'  /opt/ros/jazzy/share/ament_cmake_core/cmake/core/ament_package.cmake:63 (ament_package_xml)\n'}
[4.893849] (hi_decklink_ros2) StderrLine: {'line': b'  CMakeLists.txt:96 (ament_package)\n'}
[4.893973] (hi_decklink_ros2) StderrLine: {'line': b'\n'}
[4.894087] (hi_decklink_ros2) StderrLine: {'line': b'\x1b[0m\n'}
[4.894202] (hi_decklink_ros2) StdoutLine: {'line': b'-- Configuring incomplete, errors occurred!\n'}
[4.901876] (hi_decklink_ros2) CommandEnded: {'returncode': 1}
[4.902545] (hi_decklink_ros2) JobEnded: {'identifier': 'hi_decklink_ros2', 'rc': 1}
[4.913179] (-) EventReactorShutdown: {}
