[0.000000] (-) TimerEvent: {}
[0.000433] (hi_decklink_ros2) JobQueued: {'identifier': 'hi_decklink_ros2', 'dependencies': OrderedDict()}
[0.000537] (hi_decklink_ros2) JobStarted: {'identifier': 'hi_decklink_ros2'}
[0.007127] (hi_decklink_ros2) JobProgress: {'identifier': 'hi_decklink_ros2', 'progress': 'cmake'}
[0.007807] (hi_decklink_ros2) Command: {'cmd': ['/usr/bin/cmake', '/home/mhenkel/Documents/hi_decklink_ros2', '-DCMAKE_INSTALL_PREFIX=/home/mhenkel/Documents/hi_decklink_ros2/install/hi_decklink_ros2'], 'cwd': '/home/mhenkel/Documents/hi_decklink_ros2/build/hi_decklink_ros2', 'env': OrderedDict({'LESSOPEN': '| /usr/bin/lesspipe %s', 'USER': 'mhenkel', 'GZ_CONFIG_PATH': '/opt/ros/jazzy/opt/sdformat_vendor/share/gz', 'XDG_SESSION_TYPE': 'wayland', 'SHLVL': '1', 'LD_LIBRARY_PATH': '/opt/ros/jazzy/opt/sdformat_vendor/lib:/opt/ros/jazzy/opt/rviz_ogre_vendor/lib:/opt/ros/jazzy/lib/x86_64-linux-gnu:/opt/ros/jazzy/opt/gz_math_vendor/lib:/opt/ros/jazzy/opt/gz_utils_vendor/lib:/opt/ros/jazzy/opt/gz_tools_vendor/lib:/opt/ros/jazzy/opt/gz_cmake_vendor/lib:/opt/ros/jazzy/lib', 'HOME': '/home/mhenkel', 'OLDPWD': '/home/mhenkel', 'DESKTOP_SESSION': 'ubuntu', 'ROS_PYTHON_VERSION': '3', 'GNOME_SHELL_SESSION_MODE': 'ubuntu', 'GTK_MODULES': 'gail:atk-bridge', 'PS0': '$(printf "%s" ${EPOCHREALTIME/./} >"$BYOBU_RUN_DIR/timer.$$")', 'MANAGERPID': '3312', 'SYSTEMD_EXEC_PID': '3785', 'GSM_SKIP_SSH_AGENT_WORKAROUND': 'true', 'DBUS_SESSION_BUS_ADDRESS': 'unix:path=/run/user/1006/bus', 'COLORTERM': 'truecolor', 'TERMINATOR_DBUS_NAME': 'net.tenshu.Terminator25ef4b219e3b005583550f2b0f9f990c3', 'GIO_LAUNCHED_DESKTOP_FILE_PID': '44102', 'GNOME_KEYRING_CONTROL': '/run/user/1006/keyring', 'DEBUGINFOD_URLS': 'https://debuginfod.ubuntu.com', 'IM_CONFIG_PHASE': '1', 'WAYLAND_DISPLAY': 'wayland-0', 'ROS_DISTRO': 'jazzy', 'LOGNAME': 'mhenkel', 'JOURNAL_STREAM': '9:21301', '_': '/usr/bin/colcon', 'ROS_VERSION': '2', 'MEMORY_PRESSURE_WATCH': '/sys/fs/cgroup/user.slice/user-1006.slice/user@1006.service/session.slice/org.gnome.SettingsDaemon.MediaKeys.service/memory.pressure', 'XDG_SESSION_CLASS': 'user', 'USERNAME': 'mhenkel', 'TERM': 'xterm-256color', 'GNOME_DESKTOP_SESSION_ID': 'this-is-deprecated', 'PATH': '/opt/ros/jazzy/opt/gz_tools_vendor/bin:/opt/ros/jazzy/bin:/usr/local/sbin:/usr/local/bin:/usr/sbin:/usr/bin:/sbin:/bin:/usr/games:/usr/local/games:/snap/bin:/snap/bin', 'SESSION_MANAGER': 'local/pckjk02:@/tmp/.ICE-unix/3554,unix/pckjk02:/tmp/.ICE-unix/3554', 'INVOCATION_ID': '4d4ef63905ad4f64869ff44a2ea35c44', 'XDG_MENU_PREFIX': 'gnome-', 'GNOME_SETUP_DISPLAY': ':1', 'XDG_RUNTIME_DIR': '/run/user/1006', 'DISPLAY': ':0', 'TERMINATOR_DBUS_PATH': '/net/tenshu/Terminator2', 'LANG': 'en_US.UTF-8', 'XDG_CURRENT_DESKTOP': 'ubuntu:GNOME', 'XMODIFIERS': '@im=ibus', 'XDG_SESSION_DESKTOP': 'ubuntu', 'XAUTHORITY': '/run/user/1006/.mutter-Xwaylandauth.3LXNB3', 'LS_COLORS': 'rs=0:di=01;34:ln=01;36:mh=00:pi=40;33:so=01;35:do=01;35:bd=40;33;01:cd=40;33;01:or=40;31;01:mi=00:su=37;41:sg=30;43:ca=00:tw=30;42:ow=34;42:st=37;44:ex=01;32:*.tar=01;31:*.tgz=01;31:*.arc=01;31:*.arj=01;31:*.taz=01;31:*.lha=01;31:*.lz4=01;31:*.lzh=01;31:*.lzma=01;31:*.tlz=01;31:*.txz=01;31:*.tzo=01;31:*.t7z=01;31:*.zip=01;31:*.z=01;31:*.dz=01;31:*.gz=01;31:*.lrz=01;31:*.lz=01;31:*.lzo=01;31:*.xz=01;31:*.zst=01;31:*.tzst=01;31:*.bz2=01;31:*.bz=01;31:*.tbz=01;31:*.tbz2=01;31:*.tz=01;31:*.deb=01;31:*.rpm=01;31:*.jar=01;31:*.war=01;31:*.ear=01;31:*.sar=01;31:*.rar=01;31:*.alz=01;31:*.ace=01;31:*.zoo=01;31:*.cpio=01;31:*.7z=01;31:*.rz=01;31:*.cab=01;31:*.wim=01;31:*.swm=01;31:*.dwm=01;31:*.esd=01;31:*.avif=01;35:*.jpg=01;35:*.jpeg=01;35:*.mjpg=01;35:*.mjpeg=01;35:*.gif=01;35:*.bmp=01;35:*.pbm=01;35:*.pgm=01;35:*.ppm=01;35:*.tga=01;35:*.xbm=01;35:*.xpm=01;35:*.tif=01;35:*.tiff=01;35:*.png=01;35:*.svg=01;35:*.svgz=01;35:*.mng=01;35:*.pcx=01;35:*.mov=01;35:*.mpg=01;35:*.mpeg=01;35:*.m2v=01;35:*.mkv=01;35:*.webm=01;35:*.webp=01;35:*.ogm=01;35:*.mp4=01;35:*.m4v=01;35:*.mp4v=01;35:*.vob=01;35:*.qt=01;35:*.nuv=01;35:*.wmv=01;35:*.asf=01;35:*.rm=01;35:*.rmvb=01;35:*.flc=01;35:*.avi=01;35:*.fli=01;35:*.flv=01;35:*.gl=01;35:*.dl=01;35:*.xcf=01;35:*.xwd=01;35:*.yuv=01;35:*.cgm=01;35:*.emf=01;35:*.ogv=01;35:*.ogx=01;35:*.aac=00;36:*.au=00;36:*.flac=00;36:*.m4a=00;36:*.mid=00;36:*.midi=00;36:*.mka=00;36:*.mp3=00;36:*.mpc=00;36:*.ogg=00;36:*.ra=00;36:*.wav=00;36:*.oga=00;36:*.opus=00;36:*.spx=00;36:*.xspf=00;36:*~=00;90:*#=00;90:*.bak=00;90:*.crdownload=00;90:*.dpkg-dist=00;90:*.dpkg-new=00;90:*.dpkg-old=00;90:*.dpkg-tmp=00;90:*.old=00;90:*.orig=00;90:*.part=00;90:*.rej=00;90:*.rpmnew=00;90:*.rpmorig=00;90:*.rpmsave=00;90:*.swp=00;90:*.tmp=00;90:*.ucf-dist=00;90:*.ucf-new=00;90:*.ucf-old=00;90:', 'SSH_AUTH_SOCK': '/run/user/1006/keyring/ssh', 'ROS_DOMAIN_ID': '0', 'AMENT_PREFIX_PATH': '/opt/ros/jazzy', 'SHELL': '/bin/bash', 'TERMINATOR_UUID': 'urn:uuid:3d9a1022-49ce-4637-ad4c-686da0c77082', 'QT_ACCESSIBILITY': '1', 'GDMSESSION': 'ubuntu', 'LESSCLOSE': '/usr/bin/lesspipe %s %s', 'BYOBU_CONFIG_DIR': '/home/mhenkel/.config/byobu', 'ROS_AUTOMATIC_DISCOVERY_RANGE': 'SUBNET', 'QT_IM_MODULE': 'ibus', 'BYOBU_RUN_DIR': '/dev/shm/byobu-mhenkel-4HjfKyoW', 'PWD': '/home/mhenkel/Documents/hi_decklink_ros2/build/hi_decklink_ros2', 'XDG_CONFIG_DIRS': '/etc/xdg/xdg-ubuntu:/etc/xdg', 'XDG_DATA_DIRS': '/usr/share/ubuntu:/usr/share/gnome:/usr/local/share/:/usr/share/:/var/lib/snapd/desktop', 'PYTHONPATH': '/opt/ros/jazzy/lib/python3.12/site-packages', 'COLCON': '1', 'MEMORY_PRESSURE_WRITE': 'c29tZSAyMDAwMDAgMjAwMDAwMAA=', 'VTE_VERSION': '7600', 'CMAKE_PREFIX_PATH': '/opt/ros/jazzy/opt/sdformat_vendor:/opt/ros/jazzy/opt/gz_math_vendor:/opt/ros/jazzy/opt/gz_utils_vendor:/opt/ros/jazzy/opt/gz_tools_vendor:/opt/ros/jazzy/opt/gz_cmake_vendor'}), 'shell': False}
[0.030334] (hi_decklink_ros2) StdoutLine: {'line': b'-- Could NOT find Doxygen (missing: DOXYGEN_EXECUTABLE) \n'}
[0.030620] (hi_decklink_ros2) StderrLine: {'line': b'\x1b[0mDoxygen need to be installed to generate the doxygen documentation\x1b[0m\n'}
[0.033545] (hi_decklink_ros2) StdoutLine: {'line': b'-- Found ament_cmake: 2.5.4 (/opt/ros/jazzy/share/ament_cmake/cmake)\n'}
[0.099697] (-) TimerEvent: {}
[0.199896] (-) TimerEvent: {}
[0.228422] (hi_decklink_ros2) StdoutLine: {'line': b'-- Found rclcpp: 28.1.10 (/opt/ros/jazzy/share/rclcpp/cmake)\n'}
[0.253794] (hi_decklink_ros2) StdoutLine: {'line': b'-- Found rosidl_generator_c: 4.6.5 (/opt/ros/jazzy/share/rosidl_generator_c/cmake)\n'}
[0.262568] (hi_decklink_ros2) StdoutLine: {'line': b'-- Found rosidl_generator_cpp: 4.6.5 (/opt/ros/jazzy/share/rosidl_generator_cpp/cmake)\n'}
[0.273342] (hi_decklink_ros2) StdoutLine: {'line': b'-- Using all available rosidl_typesupport_c: rosidl_typesupport_fastrtps_c;rosidl_typesupport_introspection_c\n'}
[0.285997] (hi_decklink_ros2) StdoutLine: {'line': b'-- Using all available rosidl_typesupport_cpp: rosidl_typesupport_fastrtps_cpp;rosidl_typesupport_introspection_cpp\n'}
[0.299988] (-) TimerEvent: {}
[0.347149] (hi_decklink_ros2) StdoutLine: {'line': b'-- Found rmw_implementation_cmake: 7.3.2 (/opt/ros/jazzy/share/rmw_implementation_cmake/cmake)\n'}
[0.348440] (hi_decklink_ros2) StdoutLine: {'line': b'-- Found rmw_fastrtps_cpp: 8.4.2 (/opt/ros/jazzy/share/rmw_fastrtps_cpp/cmake)\n'}
[0.400102] (-) TimerEvent: {}
[0.409072] (hi_decklink_ros2) StdoutLine: {'line': b"-- Using RMW implementation 'rmw_fastrtps_cpp' as default\n"}
[0.474026] (hi_decklink_ros2) StdoutLine: {'line': b'-- Found image_transport: 5.1.7 (/opt/ros/jazzy/share/image_transport/cmake)\n'}
[0.500216] (-) TimerEvent: {}
[0.537334] (hi_decklink_ros2) StdoutLine: {'line': b'-- Found camera_info_manager: 5.1.7 (/opt/ros/jazzy/share/camera_info_manager/cmake)\n'}
[0.540619] (hi_decklink_ros2) StdoutLine: {'line': b"-- Setting yaml-cpp_DIR to: '/opt/ros/jazzy/share/yaml_cpp_vendor/cmake/../../../opt/yaml_cpp_vendor/share/cmake/yaml-cpp'\n"}
[0.573069] (hi_decklink_ros2) StdoutLine: {'line': b'-- Found cv_bridge: 4.1.0 (/opt/ros/jazzy/share/cv_bridge/cmake)\n'}
[0.600297] (-) TimerEvent: {}
[0.650833] (hi_decklink_ros2) StderrLine: {'line': b"Error parsing '/home/mhenkel/Documents/hi_decklink_ros2/package.xml':\n"}
[0.700388] (-) TimerEvent: {}
[0.800679] (-) TimerEvent: {}
[0.900932] (-) TimerEvent: {}
[1.001222] (-) TimerEvent: {}
[1.101481] (-) TimerEvent: {}
[1.201714] (-) TimerEvent: {}
[1.301969] (-) TimerEvent: {}
[1.402235] (-) TimerEvent: {}
[1.502490] (-) TimerEvent: {}
[1.602751] (-) TimerEvent: {}
[1.703005] (-) TimerEvent: {}
[1.803264] (-) TimerEvent: {}
[1.903519] (-) TimerEvent: {}
[2.003777] (-) TimerEvent: {}
[2.104022] (-) TimerEvent: {}
[2.156578] (hi_decklink_ros2) StderrLine: {'line': b'Traceback (most recent call last):\n'}
[2.156793] (hi_decklink_ros2) StderrLine: {'line': b'  File "/usr/lib/python3/dist-packages/catkin_pkg/package.py", line 610, in parse_package_string\n'}
[2.157030] (hi_decklink_ros2) StderrLine: {'line': b'    root = dom.parseString(data)\n'}
[2.157280] (hi_decklink_ros2) StderrLine: {'line': b'           ^^^^^^^^^^^^^^^^^^^^^\n'}
[2.157476] (hi_decklink_ros2) StderrLine: {'line': b'  File "/usr/lib/python3.12/xml/dom/minidom.py", line 2000, in parseString\n'}
[2.157562] (hi_decklink_ros2) StderrLine: {'line': b'    return expatbuilder.parseString(string)\n'}
[2.157632] (hi_decklink_ros2) StderrLine: {'line': b'           ^^^^^^^^^^^^^^^^^^^^^^^^^^^^^^^^\n'}
[2.157698] (hi_decklink_ros2) StderrLine: {'line': b'  File "/usr/lib/python3.12/xml/dom/expatbuilder.py", line 922, in parseString\n'}
[2.157878] (hi_decklink_ros2) StderrLine: {'line': b'    return builder.parseString(string)\n'}
[2.158086] (hi_decklink_ros2) StderrLine: {'line': b'           ^^^^^^^^^^^^^^^^^^^^^^^^^^^\n'}
[2.158276] (hi_decklink_ros2) StderrLine: {'line': b'  File "/usr/lib/python3.12/xml/dom/expatbuilder.py", line 220, in parseString\n'}
[2.158389] (hi_decklink_ros2) StderrLine: {'line': b'    parser.Parse(string, True)\n'}
[2.158560] (hi_decklink_ros2) StderrLine: {'line': b'xml.parsers.expat.ExpatError: XML or text declaration not at start of entity: line 5, column 0\n'}
[2.158669] (hi_decklink_ros2) StderrLine: {'line': b'\n'}
[2.158778] (hi_decklink_ros2) StderrLine: {'line': b'During handling of the above exception, another exception occurred:\n'}
[2.158886] (hi_decklink_ros2) StderrLine: {'line': b'\n'}
[2.158993] (hi_decklink_ros2) StderrLine: {'line': b'Traceback (most recent call last):\n'}
[2.159098] (hi_decklink_ros2) StderrLine: {'line': b'  File "/opt/ros/jazzy/share/ament_cmake_core/cmake/core/package_xml_2_cmake.py", line 150, in <module>\n'}
[2.159211] (hi_decklink_ros2) StderrLine: {'line': b'    main()\n'}
[2.159320] (hi_decklink_ros2) StderrLine: {'line': b'  File "/opt/ros/jazzy/share/ament_cmake_core/cmake/core/package_xml_2_cmake.py", line 53, in main\n'}
[2.159439] (hi_decklink_ros2) StderrLine: {'line': b'    raise e\n'}
[2.159546] (hi_decklink_ros2) StderrLine: {'line': b'  File "/opt/ros/jazzy/share/ament_cmake_core/cmake/core/package_xml_2_cmake.py", line 49, in main\n'}
[2.159649] (hi_decklink_ros2) StderrLine: {'line': b'    package = parse_package_string(\n'}
[2.159754] (hi_decklink_ros2) StderrLine: {'line': b'              ^^^^^^^^^^^^^^^^^^^^^\n'}
[2.159860] (hi_decklink_ros2) StderrLine: {'line': b'  File "/usr/lib/python3/dist-packages/catkin_pkg/package.py", line 612, in parse_package_string\n'}
[2.159966] (hi_decklink_ros2) StderrLine: {'line': b"    raise InvalidPackage('The manifest contains invalid XML:\\n%s' % ex, filename)\n"}
[2.160074] (hi_decklink_ros2) StderrLine: {'line': b"catkin_pkg.package.InvalidPackage: Error(s) in package '/home/mhenkel/Documents/hi_decklink_ros2/package.xml':\n"}
[2.160178] (hi_decklink_ros2) StderrLine: {'line': b'The manifest contains invalid XML:\n'}
[2.160261] (hi_decklink_ros2) StderrLine: {'line': b'XML or text declaration not at start of entity: line 5, column 0\n'}
[2.201282] (hi_decklink_ros2) StderrLine: {'line': b'\x1b[31mCMake Error at /opt/ros/jazzy/share/ament_cmake_core/cmake/core/ament_package_xml.cmake:95 (message):\n'}
[2.201439] (hi_decklink_ros2) StderrLine: {'line': b'  execute_process(/usr/bin/python3\n'}
[2.201515] (hi_decklink_ros2) StderrLine: {'line': b'  /opt/ros/jazzy/share/ament_cmake_core/cmake/core/package_xml_2_cmake.py\n'}
[2.201583] (hi_decklink_ros2) StderrLine: {'line': b'  /home/mhenkel/Documents/hi_decklink_ros2/package.xml\n'}
[2.201703] (hi_decklink_ros2) StderrLine: {'line': b'  /home/mhenkel/Documents/hi_decklink_ros2/build/hi_decklink_ros2/ament_cmake_core/package.cmake)\n'}
[2.201825] (hi_decklink_ros2) StderrLine: {'line': b'  returned error code 1\n'}
[2.201955] (hi_decklink_ros2) StderrLine: {'line': b'Call Stack (most recent call first):\n'}
[2.202114] (hi_decklink_ros2) StderrLine: {'line': b'  /opt/ros/jazzy/share/ament_cmake_core/cmake/core/ament_package_xml.cmake:49 (_ament_package_xml)\n'}
[2.202246] (hi_decklink_ros2) StderrLine: {'line': b'  /opt/ros/jazzy/share/ament_cmake_core/cmake/core/ament_package.cmake:63 (ament_package_xml)\n'}
[2.202355] (hi_decklink_ros2) StderrLine: {'line': b'  CMakeLists.txt:96 (ament_package)\n'}
[2.202461] (hi_decklink_ros2) StderrLine: {'line': b'\n'}
[2.202569] (hi_decklink_ros2) StderrLine: {'line': b'\x1b[0m\n'}
[2.202675] (hi_decklink_ros2) StdoutLine: {'line': b'-- Configuring incomplete, errors occurred!\n'}
[2.204089] (-) TimerEvent: {}
[2.211368] (hi_decklink_ros2) CommandEnded: {'returncode': 1}
[2.212074] (hi_decklink_ros2) JobEnded: {'identifier': 'hi_decklink_ros2', 'rc': 1}
[2.213091] (-) EventReactorShutdown: {}
